C51 COMPILER V9.60.7.0   MAIN                                                              04/15/2026 22:05:12 PAGE 1   


C51 COMPILER V9.60.7.0, COMPILATION OF MODULE MAIN
OBJECT MODULE PLACED IN .\Objects\main.obj
COMPILER INVOKED BY: D:\Keil_v5\C51\C51\BIN\C51.EXE main.c OPTIMIZE(8,SPEED) BROWSE DEBUG OBJECTEXTEND PRINT(.\Listings\
                    -main.lst) TABS(2) OBJECT(.\Objects\main.obj)

line level    source

   1          #include <stc15w408as.H>
   2          
   3          
   4          #include <LCD1602.H>
   5          #include <DELAY.H>
   6          #include <SWITCH0000.H>
   7          #include <Servo.H>
   8          #include <RedWAI.H>
   9          #include <UART.H>
  10          
  11          unsigned char Code=0;
  12          sbit LED=P2^5;
  13          
  14          extern unsigned int Time;
  15          extern unsigned int timeing;
  16          unsigned int timeing_old;
  17          extern unsigned char Red_status;
  18          extern unsigned char Data[4];
  19          void main(){
  20   1            P3M0 = 0x00; P3M1 = 0x04; //P3.2高阻抗输入
  21   1      //  LCD_Init();
  22   1      //  Servo_Init();
  23   1        RedWAI_init();
  24   1        Uart_Init();  
  25   1        LED=0;
  26   1        while(1){
  27   2          
  28   2      //    LED=0;
  29   2          Code=get_Red_Data();
  30   2          if(Code!=0){
  31   3            LED=1;
  32   3      //      TR0=0;
  33   3            printf("%d \t\n",(int)Code);
  34   3      //      TR0=1;
  35   3          }
  36   2      //    if(Data[0]!=0){
  37   2      //      printf("Data0:%d \t\n",(int)Data[0]);
  38   2      //      printf("Data1:%d \t\n",(int)Data[1]);
  39   2      //      printf("Data2:%d \t\n",(int)Data[2]);
  40   2      //      printf("Data3:%d \t\n",(int)Data[3]);
  41   2      //    }
  42   2          
  43   2          //测试起始位后脉宽
  44   2      //    if(timeing_old!=timeing){
  45   2      //      printf("time:%u \t\n",(unsigned int)timeing);
  46   2      //      timeing_old=timeing;
  47   2      //    }
  48   2          
  49   2      //    //开始写计时电路的原理验证
  50   2      //    set_InterruptTimer(0x00); //设定初值
  51   2      //    run_InterruptTimer(1);    //开启定时器
  52   2      //    delay(65);
  53   2      //    run_InterruptTimer(0);    //关闭定时器
  54   2      //    Time=read_InterruptTimer();
C51 COMPILER V9.60.7.0   MAIN                                                              04/15/2026 22:05:12 PAGE 2   

  55   2      //    
  56   2      //    printf("time:%u \t\n",(unsigned int)Time);
  57   2      //    
  58   2          
  59   2          
  60   2      //    TR0=0;
  61   2      //    printf("time:%u \t\n",(unsigned int)timeing);
  62   2      //    printf("status:%d \t\n",(int)Red_status);
  63   2      //    delay(10);
  64   2      //    TR0=1;
  65   2      //    printf("%d \t\n",(int)read_InterruptTimer());
  66   2      //    Servo_Set(0);
  67   2      //    delay(3000);
  68   2      //    Servo_Set(45);
  69   2      //    delay(3000);
  70   2      //    Servo_Set(90);
  71   2      //    delay(3000);
  72   2      //    Servo_Set(135);
  73   2      //    delay(3000);
  74   2      //    Servo_Set(180);
  75   2      //    delay(3000);
  76   2      //    Code=get_Red_Data();
  77   2      //    if(Code!=0){
  78   2      //      LCD_ShowHexNum(2,1,Code,2);
  79   2      //      if(Code==0x47){
  80   2      //        Servo_Set(90);
  81   2      //      }
  82   2      //      if(Code==0x07){
  83   2      //        Servo_Set(45);
  84   2      //        delay(300);
  85   2      //        Servo_Set(90);
  86   2      //      }
  87   2      //      if(Code==0x45){
  88   2      //        Servo_Set(135);
  89   2      //        delay(300);
  90   2      //        Servo_Set(90);
  91   2      //      }
  92   2      //    }
  93   2          
  94   2        }
  95   1      }
  96          
  97          


MODULE INFORMATION:   STATIC OVERLAYABLE
   CODE SIZE        =     41    ----
   CONSTANT SIZE    =      6    ----
   XDATA SIZE       =   ----    ----
   PDATA SIZE       =   ----    ----
   DATA SIZE        =      3    ----
   IDATA SIZE       =   ----    ----
   BIT SIZE         =   ----    ----
END OF MODULE INFORMATION.


C51 COMPILATION COMPLETE.  0 WARNING(S),  0 ERROR(S)
