C51 COMPILER V9.60.7.0   MAIN                                                              04/09/2026 21:48:33 PAGE 1   


C51 COMPILER V9.60.7.0, COMPILATION OF MODULE MAIN
OBJECT MODULE PLACED IN .\Objects\main.obj
COMPILER INVOKED BY: D:\Keil_v5\C51\C51\BIN\C51.EXE main.c OPTIMIZE(8,SPEED) BROWSE DEBUG OBJECTEXTEND PRINT(.\Listings\
                    -main.lst) TABS(2) OBJECT(.\Objects\main.obj)

line level    source

   1          #include <stc15w408as.H>
   2          
   3          
   4          #include <LCD1602.H>
   5          #include <DELAY.H>
   6          #include <SWITCH0000.H>
   7          #include <Servo.H>
   8          #include <RedWAI.H>
   9          #include <UART.H>
  10          
  11          unsigned char Code=0;
  12          sbit LED=P2^5;
  13          extern unsigned int timeing;
  14          extern unsigned char Red_status;
  15          extern unsigned char Data[4];
  16          void main(){
  17   1      //  LCD_Init();
  18   1      //  Servo_Init();
  19   1        RedWAI_init();
  20   1        Uart_Init();  
  21   1      
  22   1        while(1){
  23   2          
  24   2          LED=1;
  25   2          Code=get_Red_Data();
  26   2          if(Code!=0){
  27   3            TR0=0;
  28   3            printf("%d \t\n",(int)Code);
  29   3            TR0=1;
  30   3          }
  31   2          if(Data[0]!=0){
  32   3            printf("Data0:%d \t\n",(int)Data[0]);
  33   3            printf("Data1:%d \t\n",(int)Data[1]);
  34   3            printf("Data2:%d \t\n",(int)Data[2]);
  35   3            printf("Data3:%d \t\n",(int)Data[3]);
  36   3          }
  37   2      //    TR0=0;
  38   2      //    printf("time:%u \t\n",(unsigned int)timeing);
  39   2      //    printf("status:%d \t\n",(int)Red_status);
  40   2      //    delay(10);
  41   2      //    TR0=1;
  42   2      //    printf("%d \t\n",(int)read_InterruptTimer());
  43   2      //    Servo_Set(0);
  44   2      //    delay(3000);
  45   2      //    Servo_Set(45);
  46   2      //    delay(3000);
  47   2      //    Servo_Set(90);
  48   2      //    delay(3000);
  49   2      //    Servo_Set(135);
  50   2      //    delay(3000);
  51   2      //    Servo_Set(180);
  52   2      //    delay(3000);
  53   2      //    Code=get_Red_Data();
  54   2      //    if(Code!=0){
C51 COMPILER V9.60.7.0   MAIN                                                              04/09/2026 21:48:33 PAGE 2   

  55   2      //      LCD_ShowHexNum(2,1,Code,2);
  56   2      //      if(Code==0x47){
  57   2      //        Servo_Set(90);
  58   2      //      }
  59   2      //      if(Code==0x07){
  60   2      //        Servo_Set(45);
  61   2      //        delay(300);
  62   2      //        Servo_Set(90);
  63   2      //      }
  64   2      //      if(Code==0x45){
  65   2      //        Servo_Set(135);
  66   2      //        delay(300);
  67   2      //        Servo_Set(90);
  68   2      //      }
  69   2      //    }
  70   2          
  71   2        }
  72   1      }
  73          
  74          


MODULE INFORMATION:   STATIC OVERLAYABLE
   CODE SIZE        =    100    ----
   CONSTANT SIZE    =     54    ----
   XDATA SIZE       =   ----    ----
   PDATA SIZE       =   ----    ----
   DATA SIZE        =      1    ----
   IDATA SIZE       =   ----    ----
   BIT SIZE         =   ----    ----
END OF MODULE INFORMATION.


C51 COMPILATION COMPLETE.  0 WARNING(S),  0 ERROR(S)
